This is pdfTeX, Version 3.141592653-2.6-1.40.28 (TeX Live 2025/Debian) (preloaded format=pdflatex 2026.5.20)  25 MAY 2026 19:27
entering extended mode
 restricted \write18 enabled.
 file:line:error style messages enabled.
 %&-line parsing enabled.
**/home/noromon/Documents/monreal-fork-sugarscape/icsthesislatextemplate-master/Texfiles/icsthesissample.tex
(/home/noromon/Documents/monreal-fork-sugarscape/icsthesislatextemplate-master/Texfiles/icsthesissample.tex
LaTeX2e <2025-11-01>
L3 programming layer <2026-01-19>
(./icsthesis.cls
Document Class: icsthesis 8/18/2015 ICS Thesis Class Author: James Carlo Plaras
(/usr/share/texlive/texmf-dist/tex/latex/base/report.cls
Document Class: report 2025/01/22 v1.4n Standard LaTeX document class
(/usr/share/texlive/texmf-dist/tex/latex/base/size12.clo
File: size12.clo 2025/01/22 v1.4n Standard LaTeX file (size option)
)
\c@part=\count275
\c@chapter=\count276
\c@section=\count277
\c@subsection=\count278
\c@subsubsection=\count279
\c@paragraph=\count280
\c@subparagraph=\count281
\c@figure=\count282
\c@table=\count283
\abovecaptionskip=\skip49
\belowcaptionskip=\skip50
\bibindent=\dimen148
) (/usr/share/texlive/texmf-dist/tex/latex/hyphenat/hyphenat.sty
Package: hyphenat 2009/09/02 v2.3c hyphenation utilities
\langwohyphens=\language90
LaTeX Info: Redefining \_ on input line 43.
) (/usr/share/texlive/texmf-dist/tex/latex/tools/multicol.sty
Package: multicol 2025/10/21 v2.0b multicolumn formatting (FMi)
\c@tracingmulticols=\count284
\mult@box=\box53
\multicol@leftmargin=\dimen149
\c@unbalance=\count285
\c@collectmore=\count286
\doublecol@number=\count287
\multicoltolerance=\count288
\multicolpretolerance=\count289
\full@width=\dimen150
\page@free=\dimen151
\premulticols=\dimen152
\postmulticols=\dimen153
\multicolsep=\skip51
\multicolbaselineskip=\skip52
\partial@page=\box54
\last@line=\box55
\mc@boxedresult=\box56
\maxbalancingoverflow=\dimen154
\mult@rightbox=\box57
\mult@grightbox=\box58
\mult@firstbox=\box59
\mult@gfirstbox=\box60
\@tempa=\box61
\@tempa=\box62
\@tempa=\box63
\@tempa=\box64
\@tempa=\box65
\@tempa=\box66
\@tempa=\box67
\@tempa=\box68
\@tempa=\box69
\@tempa=\box70
\@tempa=\box71
\@tempa=\box72
\@tempa=\box73
\@tempa=\box74
\@tempa=\box75
\@tempa=\box76
\@tempa=\box77
\@tempa=\box78
\@tempa=\box79
\@tempa=\box80
\@tempa=\box81
\@tempa=\box82
\@tempa=\box83
\@tempa=\box84
\@tempa=\box85
\@tempa=\box86
\@tempa=\box87
\@tempa=\box88
\@tempa=\box89
\@tempa=\box90
\@tempa=\box91
\@tempa=\box92
\@tempa=\box93
\@tempa=\box94
\@tempa=\box95
\@tempa=\box96
\c@minrows=\count290
\c@columnbadness=\count291
\c@finalcolumnbadness=\count292
\last@try=\dimen155
\multicolovershoot=\dimen156
\multicolundershoot=\dimen157
\mult@nat@firstbox=\box97
\colbreak@box=\box98
\mc@col@check@num=\count293
\g__mc_curr_col_int=\count294
) (/usr/share/texlive/texmf-dist/tex/latex/psnfss/mathptmx.sty
Package: mathptmx 2020/03/25 PSNFSS-v9.3 Times w/ Math, improved (SPQR, WaS) 
LaTeX Font Info:    Redeclaring symbol font `operators' on input line 28.
LaTeX Font Info:    Overwriting symbol font `operators' in version `normal'
(Font)                  OT1/cmr/m/n --> OT1/ztmcm/m/n on input line 28.
LaTeX Font Info:    Overwriting symbol font `operators' in version `bold'
(Font)                  OT1/cmr/bx/n --> OT1/ztmcm/m/n on input line 28.
LaTeX Font Info:    Redeclaring symbol font `letters' on input line 29.
LaTeX Font Info:    Overwriting symbol font `letters' in version `normal'
(Font)                  OML/cmm/m/it --> OML/ztmcm/m/it on input line 29.
LaTeX Font Info:    Overwriting symbol font `letters' in version `bold'
(Font)                  OML/cmm/b/it --> OML/ztmcm/m/it on input line 29.
LaTeX Font Info:    Redeclaring symbol font `symbols' on input line 30.
LaTeX Font Info:    Overwriting symbol font `symbols' in version `normal'
(Font)                  OMS/cmsy/m/n --> OMS/ztmcm/m/n on input line 30.
LaTeX Font Info:    Overwriting symbol font `symbols' in version `bold'
(Font)                  OMS/cmsy/b/n --> OMS/ztmcm/m/n on input line 30.
LaTeX Font Info:    Redeclaring symbol font `largesymbols' on input line 31.
LaTeX Font Info:    Overwriting symbol font `largesymbols' in version `normal'
(Font)                  OMX/cmex/m/n --> OMX/ztmcm/m/n on input line 31.
LaTeX Font Info:    Overwriting symbol font `largesymbols' in version `bold'
(Font)                  OMX/cmex/m/n --> OMX/ztmcm/m/n on input line 31.
\symbold=\mathgroup4
\symitalic=\mathgroup5
LaTeX Font Info:    Redeclaring math alphabet \mathbf on input line 34.
LaTeX Font Info:    Overwriting math alphabet `\mathbf' in version `normal'
(Font)                  OT1/cmr/bx/n --> OT1/ptm/bx/n on input line 34.
LaTeX Font Info:    Overwriting math alphabet `\mathbf' in version `bold'
(Font)                  OT1/cmr/bx/n --> OT1/ptm/bx/n on input line 34.
LaTeX Font Info:    Redeclaring math alphabet \mathit on input line 35.
LaTeX Font Info:    Overwriting math alphabet `\mathit' in version `normal'
(Font)                  OT1/cmr/m/it --> OT1/ptm/m/it on input line 35.
LaTeX Font Info:    Overwriting math alphabet `\mathit' in version `bold'
(Font)                  OT1/cmr/bx/it --> OT1/ptm/m/it on input line 35.
LaTeX Info: Redefining \hbar on input line 50.
) (/usr/share/texlive/texmf-dist/tex/latex/geometry/geometry.sty
Package: geometry 2020/01/02 v5.9 Page Geometry
 (/usr/share/texlive/texmf-dist/tex/latex/graphics/keyval.sty
Package: keyval 2022/05/29 v1.15 key=value parser (DPC)
\KV@toks@=\toks17
) (/usr/share/texlive/texmf-dist/tex/generic/iftex/ifvtex.sty
Package: ifvtex 2019/10/25 v1.7 ifvtex legacy package. Use iftex instead.
 (/usr/share/texlive/texmf-dist/tex/generic/iftex/iftex.sty
Package: iftex 2024/12/12 v1.0g TeX engine tests
))
\Gm@cnth=\count295
\Gm@cntv=\count296
\c@Gm@tempcnt=\count297
\Gm@bindingoffset=\dimen158
\Gm@wd@mp=\dimen159
\Gm@odd@mp=\dimen160
\Gm@even@mp=\dimen161
\Gm@layoutwidth=\dimen162
\Gm@layoutheight=\dimen163
\Gm@layouthoffset=\dimen164
\Gm@layoutvoffset=\dimen165
\Gm@dimlist=\toks18
) (/usr/share/texlive/texmf-dist/tex/latex/graphics/graphicx.sty
Package: graphicx 2024/12/31 v1.2e Enhanced LaTeX Graphics (DPC,SPQR)
 (/usr/share/texlive/texmf-dist/tex/latex/graphics/graphics.sty
Package: graphics 2024/08/06 v1.4g Standard LaTeX Graphics (DPC,SPQR)
 (/usr/share/texlive/texmf-dist/tex/latex/graphics/trig.sty
Package: trig 2023/12/02 v1.11 sin cos tan (DPC)
) (/usr/share/texlive/texmf-dist/tex/latex/graphics-cfg/graphics.cfg
File: graphics.cfg 2016/06/04 v1.11 sample graphics configuration
)
Package graphics Info: Driver file: pdftex.def on input line 106.
 (/usr/share/texlive/texmf-dist/tex/latex/graphics-def/pdftex.def
File: pdftex.def 2025/09/29 v1.2d Graphics/color driver for pdftex
))
\Gin@req@height=\dimen166
\Gin@req@width=\dimen167
) (/usr/share/texlive/texmf-dist/tex/latex/caption/caption.sty
Package: caption 2023/08/05 v3.6o Customizing captions (AR)
 (/usr/share/texlive/texmf-dist/tex/latex/caption/caption3.sty
Package: caption3 2023/07/31 v2.4d caption3 kernel (AR)
\caption@tempdima=\dimen168
\captionmargin=\dimen169
\caption@leftmargin=\dimen170
\caption@rightmargin=\dimen171
\caption@width=\dimen172
\caption@indent=\dimen173
\caption@parindent=\dimen174
\caption@hangindent=\dimen175
Package caption Info: Standard document class detected.
)
\c@caption@flags=\count298
\c@continuedfloat=\count299
) (/usr/share/texlive/texmf-dist/tex/latex/tocloft/tocloft.sty
Package: tocloft 2017/08/31 v2.3i parameterised ToC, etc., typesetting
Package tocloft Info: The document has chapter divisions on input line 51.
\cftparskip=\skip53
\cftbeforetoctitleskip=\skip54
\cftaftertoctitleskip=\skip55
\cftbeforepartskip=\skip56
\cftpartnumwidth=\skip57
\cftpartindent=\skip58
\cftbeforechapskip=\skip59
\cftchapindent=\skip60
\cftchapnumwidth=\skip61
\cftbeforesecskip=\skip62
\cftsecindent=\skip63
\cftsecnumwidth=\skip64
\cftbeforesubsecskip=\skip65
\cftsubsecindent=\skip66
\cftsubsecnumwidth=\skip67
\cftbeforesubsubsecskip=\skip68
\cftsubsubsecindent=\skip69
\cftsubsubsecnumwidth=\skip70
\cftbeforeparaskip=\skip71
\cftparaindent=\skip72
\cftparanumwidth=\skip73
\cftbeforesubparaskip=\skip74
\cftsubparaindent=\skip75
\cftsubparanumwidth=\skip76
\cftbeforeloftitleskip=\skip77
\cftafterloftitleskip=\skip78
\cftbeforefigskip=\skip79
\cftfigindent=\skip80
\cftfignumwidth=\skip81
\c@lofdepth=\count300
\c@lotdepth=\count301
\cftbeforelottitleskip=\skip82
\cftafterlottitleskip=\skip83
\cftbeforetabskip=\skip84
\cfttabindent=\skip85
\cfttabnumwidth=\skip86
) (/usr/share/texlive/texmf-dist/tex/latex/titlesec/titlesec.sty
Package: titlesec 2025/01/04 v2.17 Sectioning titles
\ttl@box=\box99
\beforetitleunit=\skip87
\aftertitleunit=\skip88
\ttl@plus=\dimen176
\ttl@minus=\dimen177
\ttl@toksa=\toks19
\titlewidth=\dimen178
\titlewidthlast=\dimen179
\titlewidthfirst=\dimen180
) (/usr/share/texlive/texmf-dist/tex/latex/setspace/setspace.sty
Package: setspace 2022/12/04 v6.7b set line spacing
) (/usr/share/texlive/texmf-dist/tex/latex/fancyhdr/fancyhdr.sty
Package: fancyhdr 2025/02/07 v5.2 Extensive control of page headers and footers
\f@nch@headwidth=\skip89
\f@nch@offset@elh=\skip90
\f@nch@offset@erh=\skip91
\f@nch@offset@olh=\skip92
\f@nch@offset@orh=\skip93
\f@nch@offset@elf=\skip94
\f@nch@offset@erf=\skip95
\f@nch@offset@olf=\skip96
\f@nch@offset@orf=\skip97
\f@nch@height=\skip98
\f@nch@footalignment=\skip99
\f@nch@widthL=\skip100
\f@nch@widthC=\skip101
\f@nch@widthR=\skip102
\@temptokenb=\toks20
) (/usr/share/texlive/texmf-dist/tex/latex/etoolbox/etoolbox.sty
Package: etoolbox 2025/10/02 v2.5m e-TeX tools for LaTeX (JAW)
\etb@tempcnta=\count302
) (/usr/share/texlive/texmf-dist/tex/latex/apacite/apacite.sty
Package: apacite 2013/07/21 v6.03 APA citation
\c@BibCnt=\count303
\bibleftmargin=\skip103
\bibindent=\skip104
\bibparsep=\skip105
\bibitemsep=\skip106
\biblabelsep=\skip107
) (/usr/share/texlive/texmf-dist/tex/latex/natbib/natbib.sty
Package: natbib 2010/09/13 8.31b (PWD, AO)
\bibhang=\skip108
\bibsep=\skip109
LaTeX Info: Redefining \cite on input line 694.
\c@NAT@ctr=\count304
)
LaTeX Info: Redefining \BBA on input line 21.
\@headingTextWidth=\skip110
\c@pagecounter=\count305
) (/usr/share/texlive/texmf-dist/tex/latex/lipsum/lipsum.sty (/usr/share/texlive/texmf-dist/tex/latex/l3packages/l3keys2e/l3keys2e.sty (/usr/share/texlive/texmf-dist/tex/latex/l3kernel/expl3.sty
Package: expl3 2026-01-19 L3 programming layer (loader) 
 (/usr/share/texlive/texmf-dist/tex/latex/l3backend/l3backend-pdftex.def
File: l3backend-pdftex.def 2025-10-09 L3 backend support: PDF output (pdfTeX)
\l__color_backend_stack_int=\count306
))
Package: l3keys2e 2025-10-09 LaTeX2e option processing using LaTeX3 keys
)
Package: lipsum 2021-09-20 v2.7 150 paragraphs of Lorem Ipsum dummy text
\g__lipsum_par_int=\count307
\l__lipsum_a_int=\count308
\l__lipsum_b_int=\count309
 (/usr/share/texlive/texmf-dist/tex/latex/lipsum/lipsum.ltd.tex)) (/usr/share/texlive/texmf-dist/tex/latex/amsmath/amsmath.sty
Package: amsmath 2025/07/09 v2.17z AMS math features
\@mathmargin=\skip111

For additional information on amsmath, use the `?' option.
(/usr/share/texlive/texmf-dist/tex/latex/amsmath/amstext.sty
Package: amstext 2024/11/17 v2.01 AMS text
 (/usr/share/texlive/texmf-dist/tex/latex/amsmath/amsgen.sty
File: amsgen.sty 1999/11/30 v2.0 generic functions
\@emptytoks=\toks21
\ex@=\dimen181
)) (/usr/share/texlive/texmf-dist/tex/latex/amsmath/amsbsy.sty
Package: amsbsy 1999/11/29 v1.2d Bold Symbols
\pmbraise@=\dimen182
) (/usr/share/texlive/texmf-dist/tex/latex/amsmath/amsopn.sty
Package: amsopn 2022/04/08 v2.04 operator names
)
\inf@bad=\count310
LaTeX Info: Redefining \frac on input line 233.
\uproot@=\count311
\leftroot@=\count312
LaTeX Info: Redefining \overline on input line 398.
LaTeX Info: Redefining \colon on input line 409.
\classnum@=\count313
\DOTSCASE@=\count314
LaTeX Info: Redefining \ldots on input line 495.
LaTeX Info: Redefining \dots on input line 498.
LaTeX Info: Redefining \cdots on input line 619.
\Mathstrutbox@=\box100
\strutbox@=\box101
LaTeX Info: Redefining \big on input line 721.
LaTeX Info: Redefining \Big on input line 722.
LaTeX Info: Redefining \bigg on input line 723.
LaTeX Info: Redefining \Bigg on input line 724.
\big@size=\dimen183
LaTeX Font Info:    Redeclaring font encoding OML on input line 742.
LaTeX Font Info:    Redeclaring font encoding OMS on input line 743.
\macc@depth=\count315
LaTeX Info: Redefining \bmod on input line 904.
LaTeX Info: Redefining \pmod on input line 909.
LaTeX Info: Redefining \smash on input line 939.
LaTeX Info: Redefining \relbar on input line 969.
LaTeX Info: Redefining \Relbar on input line 970.
\c@MaxMatrixCols=\count316
\dotsspace@=\muskip17
\c@parentequation=\count317
\dspbrk@lvl=\count318
\tag@help=\toks22
\row@=\count319
\column@=\count320
\maxfields@=\count321
\andhelp@=\toks23
\eqnshift@=\dimen184
\alignsep@=\dimen185
\tagshift@=\dimen186
\tagwidth@=\dimen187
\totwidth@=\dimen188
\lineht@=\dimen189
\@envbody=\toks24
\multlinegap=\skip112
\multlinetaggap=\skip113
\mathdisplay@stack=\toks25
LaTeX Info: Redefining \[ on input line 2950.
LaTeX Info: Redefining \] on input line 2951.
) (/usr/share/texlive/texmf-dist/tex/latex/tools/array.sty
Package: array 2025/09/25 v2.6n Tabular extension package (FMi)
\col@sep=\dimen190
\ar@mcellbox=\box102
\extrarowheight=\dimen191
\NC@list=\toks26
\extratabsurround=\skip114
\backup@length=\skip115
\ar@cellbox=\box103
) (/usr/share/texlive/texmf-dist/tex/latex/float/float.sty
Package: float 2001/11/08 v1.3d Float enhancements (AL)
\c@float@type=\count322
\float@exts=\toks27
\float@box=\box104
\@float@everytoks=\toks28
\@floatcapt=\box105
) (/usr/share/texlive/texmf-dist/tex/latex/multirow/multirow.sty
Package: multirow 2024/11/12 v2.9 Span multiple rows of a table
\multirow@colwidth=\skip116
\multirow@cntb=\count323
\multirow@dima=\skip117
\bigstrutjot=\dimen192
) (/usr/share/texlive/texmf-dist/tex/latex/tools/longtable.sty
Package: longtable 2025-10-13 v4.24 Multi-page Table package (DPC)
\LTleft=\skip118
\LTright=\skip119
\LTpre=\skip120
\LTpost=\skip121
\LTchunksize=\count324
\LTcapwidth=\dimen193
\LT@head=\box106
\LT@firsthead=\box107
\LT@foot=\box108
\LT@lastfoot=\box109
\LT@gbox=\box110
\LT@cols=\count325
\LT@rows=\count326
\c@LT@tables=\count327
\c@LT@chunks=\count328
\LT@p@ftn=\toks29
) (/usr/share/texlive/texmf-dist/tex/latex/psnfss/courier.sty
Package: courier 2020/03/25 PSNFSS-v9.3 (WaS) 
) (/usr/share/texlive/texmf-dist/tex/latex/listings/listings.sty
\lst@mode=\count329
\lst@gtempboxa=\box111
\lst@token=\toks30
\lst@length=\count330
\lst@currlwidth=\dimen194
\lst@column=\count331
\lst@pos=\count332
\lst@lostspace=\dimen195
\lst@width=\dimen196
\lst@newlines=\count333
\lst@lineno=\count334
\lst@maxwidth=\dimen197
 (/usr/share/texlive/texmf-dist/tex/latex/listings/lstpatch.sty
File: lstpatch.sty 2025/11/14 1.11b (Carsten Heinz)
) (/usr/share/texlive/texmf-dist/tex/latex/listings/lstmisc.sty
File: lstmisc.sty 2025/11/14 1.11b (Carsten Heinz)
\c@lstnumber=\count335
\lst@skipnumbers=\count336
\lst@framebox=\box112
) (/usr/share/texlive/texmf-dist/tex/latex/listings/listings.cfg
File: listings.cfg 2025/11/14 1.11b listings configuration
))
Package: listings 2025/11/14 1.11b (Carsten Heinz)

==> First Aid for listings.sty no longer applied!
    Expected:
        2024/09/23 1.10c (Carsten Heinz)
    but found:
        2025/11/14 1.11b (Carsten Heinz)
    so I'm assuming it got fixed.
(/usr/share/texlive/texmf-dist/tex/latex/listings/lstlang1.sty
File: lstlang1.sty 2025/11/14 1.11b listings language file
)
LaTeX Font Info:    Trying to load font information for OT1+ptm on input line 47.
 (/usr/share/texlive/texmf-dist/tex/latex/psnfss/ot1ptm.fd
File: ot1ptm.fd 2001/06/04 font definitions for OT1/ptm.
) (./icsthesissample.aux)
\openout1 = `icsthesissample.aux'.

LaTeX Font Info:    Checking defaults for OML/cmm/m/it on input line 47.
LaTeX Font Info:    ... okay on input line 47.
LaTeX Font Info:    Checking defaults for OMS/cmsy/m/n on input line 47.
LaTeX Font Info:    ... okay on input line 47.
LaTeX Font Info:    Checking defaults for OT1/cmr/m/n on input line 47.
LaTeX Font Info:    ... okay on input line 47.
LaTeX Font Info:    Checking defaults for T1/cmr/m/n on input line 47.
LaTeX Font Info:    ... okay on input line 47.
LaTeX Font Info:    Checking defaults for TS1/cmr/m/n on input line 47.
LaTeX Font Info:    ... okay on input line 47.
LaTeX Font Info:    Checking defaults for OMX/cmex/m/n on input line 47.
LaTeX Font Info:    ... okay on input line 47.
LaTeX Font Info:    Checking defaults for U/cmr/m/n on input line 47.
LaTeX Font Info:    ... okay on input line 47.

*geometry* driver: auto-detecting
*geometry* detected driver: pdftex
*geometry* verbose mode - [ preamble ] result:
* driver: pdftex
* paper: letterpaper
* layout: <same size as paper>
* layoutoffset:(h,v)=(0.0pt,0.0pt)
* modes: 
* h-part:(L,W,R)=(108.405pt, 433.62001pt, 72.26999pt)
* v-part:(T,H,B)=(72.26999pt, 650.43001pt, 72.26999pt)
* \paperwidth=614.295pt
* \paperheight=794.96999pt
* \textwidth=433.62001pt
* \textheight=650.43001pt
* \oddsidemargin=36.13501pt
* \evensidemargin=36.13501pt
* \topmargin=-17.16667pt
* \headheight=12.0pt
* \headsep=5.16667pt
* \topskip=12.0pt
* \footskip=30.0pt
* \marginparwidth=44.0pt
* \marginparsep=10.0pt
* \columnsep=10.0pt
* \skip\footins=10.8pt plus 4.0pt minus 2.0pt
* \hoffset=0.0pt
* \voffset=0.0pt
* \mag=1000
* \@twocolumnfalse
* \@twosidefalse
* \@mparswitchfalse
* \@reversemarginfalse
* (1in=72.27pt=25.4mm, 1cm=28.453pt)

(/usr/share/texlive/texmf-dist/tex/context/base/mkii/supp-pdf.mkii
[Loading MPS to PDF converter (version 2006.09.02).]
\scratchcounter=\count337
\scratchdimen=\dimen198
\scratchbox=\box113
\nofMPsegments=\count338
\nofMParguments=\count339
\everyMPshowfont=\toks31
\MPscratchCnt=\count340
\MPscratchDim=\dimen199
\MPnumerator=\count341
\makeMPintoPDFobject=\count342
\everyMPtoPDFconversion=\toks32
) (/usr/share/texlive/texmf-dist/tex/latex/epstopdf-pkg/epstopdf-base.sty
Package: epstopdf-base 2020-01-24 v2.11 Base part for package epstopdf
Package epstopdf-base Info: Redefining graphics rule for `.eps' on input line 485.
 (/usr/share/texlive/texmf-dist/tex/latex/latexconfig/epstopdf-sys.cfg
File: epstopdf-sys.cfg 2010/07/13 v1.3 Configuration of (r)epstopdf for TeX Live
))
Package caption Info: Begin \AtBeginDocument code.
Package caption Info: float package is loaded.
Package caption Info: listings package is loaded.
Package caption Info: longtable package is loaded.
 (/usr/share/texlive/texmf-dist/tex/latex/caption/ltcaption.sty
Package: ltcaption 2021/01/08 v1.4c longtable captions (AR)
)
Package caption Info: End \AtBeginDocument code.
\c@maskedRefs=\count343
 (/usr/share/texlive/texmf-dist/tex/latex/apacite/english.apc
File: english.apc 2013/07/21 v6.03 apacite language file
LaTeX Info: Redefining \BPBI on input line 129.
LaTeX Info: Redefining \BHBI on input line 130.
)
\c@lstlisting=\count344
 [1

{/var/lib/texmf/fonts/map/pdftex/updmap/pdftex.map}{/usr/share/texlive/texmf-dist/fonts/enc/dvips/base/8r.enc}] [2]
Underfull \hbox (badness 1389) in paragraph at lines 68--70
\OT1/ptm/m/n/12 human-centered com-put-ing. His aca-demic back-ground is sup-ported by con-sis-tent
 []

[3] [4] (./icsthesissample.toc
LaTeX Font Info:    Trying to load font information for OT1+ztmcm on input line 1.
 (/usr/share/texlive/texmf-dist/tex/latex/psnfss/ot1ztmcm.fd
File: ot1ztmcm.fd 2000/01/03 Fontinst v1.801 font definitions for OT1/ztmcm.
)
LaTeX Font Info:    Trying to load font information for OML+ztmcm on input line 1.
 (/usr/share/texlive/texmf-dist/tex/latex/psnfss/omlztmcm.fd
File: omlztmcm.fd 2000/01/03 Fontinst v1.801 font definitions for OML/ztmcm.
)
LaTeX Font Info:    Trying to load font information for OMS+ztmcm on input line 1.
 (/usr/share/texlive/texmf-dist/tex/latex/psnfss/omsztmcm.fd
File: omsztmcm.fd 2000/01/03 Fontinst v1.801 font definitions for OMS/ztmcm.
)
LaTeX Font Info:    Trying to load font information for OMX+ztmcm on input line 1.
 (/usr/share/texlive/texmf-dist/tex/latex/psnfss/omxztmcm.fd
File: omxztmcm.fd 2000/01/03 Fontinst v1.801 font definitions for OMX/ztmcm.
)
LaTeX Font Info:    Font shape `OT1/ptm/bx/n' in size <12> not available
(Font)              Font shape `OT1/ptm/b/n' tried instead on input line 1.
LaTeX Font Info:    Font shape `OT1/ptm/bx/n' in size <9> not available
(Font)              Font shape `OT1/ptm/b/n' tried instead on input line 1.
LaTeX Font Info:    Font shape `OT1/ptm/bx/n' in size <7> not available
(Font)              Font shape `OT1/ptm/b/n' tried instead on input line 1.
 [5])
\tf@toc=\write3
\openout3 = `icsthesissample.toc'.

 [6] (./icsthesissample.lot
Underfull \hbox (badness 2452) in paragraph at lines 12--12
 [][] []\OT1/ptm/m/n/12 Kruskal-Wallis Test Re-sults and Ef-fect Sizes Across All Re-source 
 []

)
\tf@lot=\write4
\openout4 = `icsthesissample.lot'.

 [6

] (./icsthesissample.lof
Underfull \hbox (badness 1466) in paragraph at lines 16--16
 [][] []\OT1/ptm/m/n/12 Mean pop-u-la-tion over time ($\OMS/ztmcm/m/n/12 ^^F$\OT1/ptm/m/n/12 1 SD across 100 seeds), mod-er-ately 
 []

[7

]
Underfull \hbox (badness 3302) in paragraph at lines 21--21
 [][] []\OT1/ptm/m/n/12 Final mean time to live dis-tri-bu-tion by agent type and re-source 
 []


Underfull \hbox (badness 3108) in paragraph at lines 22--22
 [][] []\OT1/ptm/m/n/12 Final mean agent wealth dis-tri-bu-tion by agent type and re-source 
 []

)
\tf@lof=\write5
\openout5 = `icsthesissample.lof'.

 [8] [1

] [2

] [3]
<../../figures/d14.png, id=47, 1371.1225pt x 628.3475pt>
File: ../../figures/d14.png Graphic file (type png)
<use ../../figures/d14.png>
Package pdftex.def Info: ../../figures/d14.png  used on input line 133.
(pdftex.def)             Requested size: 130.08733pt x 59.60733pt.
LaTeX Font Info:    Font shape `OT1/ptm/bx/n' in size <10> not available
(Font)              Font shape `OT1/ptm/b/n' tried instead on input line 135.
LaTeX Font Info:    Font shape `OT1/ptm/bx/n' in size <7.4> not available
(Font)              Font shape `OT1/ptm/b/n' tried instead on input line 135.
LaTeX Font Info:    Font shape `OT1/ptm/bx/n' in size <6> not available
(Font)              Font shape `OT1/ptm/b/n' tried instead on input line 135.
<../../figures/d7.png, id=48, 1371.1225pt x 628.3475pt>
File: ../../figures/d7.png Graphic file (type png)
<use ../../figures/d7.png>
Package pdftex.def Info: ../../figures/d7.png  used on input line 140.
(pdftex.def)             Requested size: 130.08733pt x 59.60733pt.
<../../figures/d0.png, id=49, 1371.1225pt x 632.3625pt>
File: ../../figures/d0.png Graphic file (type png)
<use ../../figures/d0.png>
Package pdftex.def Info: ../../figures/d0.png  used on input line 147.
(pdftex.def)             Requested size: 130.08733pt x 59.98822pt.
 [4 <../../figures/d14.png (PNG copy)> <../../figures/d7.png (PNG copy)> <../../figures/d0.png (PNG copy)>] [5]
Underfull \hbox (badness 1596) in paragraph at lines 165--166
[]\OT1/ptm/m/n/12 The gen-eral ob-jec-tive of this study was to ex-am-ine the ef-fects of re-source
 []

[6]
Underfull \hbox (badness 1297) in paragraph at lines 185--186
[]\OT1/ptm/m/n/12 Do the three eth-i-cal de-ci-sion mod-els pro-duce sig-nif-i-cantly dif-fer-ent so-ci-etal
 []


Underfull \hbox (badness 1297) in paragraph at lines 194--195
[]\OT1/ptm/m/n/12 Do the three eth-i-cal de-ci-sion mod-els pro-duce sig-nif-i-cantly dif-fer-ent so-ci-etal
 []


Underfull \hbox (badness 1210) in paragraph at lines 197--198
\OT1/ptm/m/n/12 Gini co-ef-fi-cient, mean time to live, or ex-tinc-tion rate un-der the mod-er-ately
 []


Underfull \hbox (badness 1297) in paragraph at lines 203--204
[]\OT1/ptm/m/n/12 Do the three eth-i-cal de-ci-sion mod-els pro-duce sig-nif-i-cantly dif-fer-ent so-ci-etal
 []

[7] [8] [9] [10] [11

] [12] [13] [14] [15] [16] [17] [18]
Underfull \hbox (badness 1571) in paragraph at lines 334--335
[]\OT1/ptm/m/n/12 The Dig-i-tal Ter-rar-ium is an ex-ten-sion of the Sug-arscape agent-based model
 []

<../../figures/digital-terrarium.png, id=98, 1371.1225pt x 718.685pt>
File: ../../figures/digital-terrarium.png Graphic file (type png)
<use ../../figures/digital-terrarium.png>
Package pdftex.def Info: ../../figures/digital-terrarium.png  used on input line 340.
(pdftex.def)             Requested size: 260.17465pt x 136.36514pt.
[19 <../../figures/digital-terrarium.png (PNG copy)>]
LaTeX Font Info:    Trying to load font information for OT1+pcr on input line 354.
 (/usr/share/texlive/texmf-dist/tex/latex/psnfss/ot1pcr.fd
File: ot1pcr.fd 2001/06/04 font definitions for OT1/pcr.
) [20]
Underfull \hbox (badness 2035) in paragraph at lines 378--379
[]\OT1/ptm/m/n/12 The im-me-di-ate in-ten-sity $\OML/ztmcm/m/it/12 i[]$ \OT1/ptm/m/n/12 op-er-a-tional-izes Ben-tham's in-ten-sity and cer-tainty
 []


Underfull \hbox (badness 1596) in paragraph at lines 378--379
\OT1/ptm/m/n/12 di-men-sions, in-creas-ing as an agent's time-to-live de-creases or cell pol-lu-tion rises
 []

[21] [22] [23] [24]
LaTeX Font Info:    Font shape `OT1/pcr/m/it' in size <10> not available
(Font)              Font shape `OT1/pcr/m/sl' tried instead on input line 485.
 [25]
Underfull \hbox (badness 1484) in paragraph at lines 512--513
\OT1/ptm/m/it/10 Note. \OT1/ptm/m/n/10 From Kremer-Herman et al.[] (2024). \OT1/pcr/m/n/10 ethics.py\OT1/ptm/m/n/10 , \OT1/pcr/m/n/10 Bentham.findBestEthicalCell
 []

[26]
Underfull \hbox (badness 6380) in paragraph at lines 522--523
[]\OT1/ptm/m/n/12 Kremer-Herman et al.[] (2024) tested three eth-i-cal de-ci-sion mod-els in a
 []

[27] [28] [29] [30] [31]
Underfull \hbox (badness 1281) in paragraph at lines 552--553
[]\OT1/ptm/m/n/12 In het-ero-ge-neous so-ci-eties mix-ing ego-is-tic and util-i-tar-ian agents, two crit-i-cal
 []


Underfull \hbox (badness 1205) in paragraph at lines 554--555
\OT1/ptm/m/n/12 com-pen-sated by clus-ter-ing spa-tially, rais-ing their col-lec-tive sur-vival prob-a-bil-ity by
 []

[32] [33] [34

] [35] [36] [37]
Underfull \hbox (badness 1565) in paragraph at lines 627--628
[]\OT1/ptm/m/n/12 Additional in-ter-ac-tions were re-solved as con-se-quences of the agent's cho-sen
 []

[38]
Underfull \hbox (badness 1221) in paragraph at lines 639--640
\OT1/ptm/m/n/12 equipped with two pro-ces-sors, each pro-vid-ing 16 cores at 2.50 GHz, for a to-tal
 []

[39]
Underfull \hbox (badness 10000) in paragraph at lines 647--648
[]\OT1/ptm/m/n/12 All sta-tis-ti-cal anal-y-ses were per-formed in Python 3.14 us-ing the
 []


Underfull \hbox (badness 10000) in paragraph at lines 647--648
\OT1/ptm/m/n/12 fol-low-ing li-braries: \OT1/pcr/m/n/12 scipy 1.17.1 \OT1/ptm/m/n/12 (Vir-ta-nen et al.[], 2020) for the
 []


Underfull \hbox (badness 10000) in paragraph at lines 647--648
\OT1/ptm/m/n/12 Kruskal-Wallis test (\OT1/pcr/m/n/12 scipy.stats.kruskal\OT1/ptm/m/n/12 ) and Pear-son chi-square test
 []


Underfull \hbox (badness 10000) in paragraph at lines 647--648
\OT1/ptm/m/n/12 (\OT1/pcr/m/n/12 scipy.stats.chi2[]-contingency\OT1/ptm/m/n/12 ); \OT1/pcr/m/n/12 scikit[]-posthocs 0.13.0
 []


Underfull \hbox (badness 1789) in paragraph at lines 647--648
\OT1/ptm/m/n/12 (Ter-pi-lowski, 2019) for Dunn's test with Bon-fer-roni cor-rec-tion; \OT1/pcr/m/n/12 pandas 3.0.3
 []

[40] [41]
<../../figures/stats.png, id=177, 813.0375pt x 471.7625pt>
File: ../../figures/stats.png Graphic file (type png)
<use ../../figures/stats.png>
Package pdftex.def Info: ../../figures/stats.png  used on input line 663.
(pdftex.def)             Requested size: 433.62001pt x 251.6022pt.

Underfull \hbox (badness 1668) in paragraph at lines 666--668
[]\OT1/ptm/b/n/12 Kruskal-Wallis $\OML/ztmcm/m/it/12 H$\OT1/ptm/b/n/12 -Test. \OT1/ptm/m/n/12 To test whether the three eth-i-cal de-ci-sion mod-els
 []

[42 <../../figures/stats.png (PNG copy)>] [43]
Underfull \hbox (badness 1052) in paragraph at lines 676--677
\OT1/ptm/m/n/12 di-vides the nom-i-nal sig-nif-i-cance level by the num-ber of com-par-isons, yield-ing an
 []

[44] [45]
Overfull \hbox (3.33905pt too wide) in paragraph at lines 711--711
[]|\OT1/ptm/b/n/10 No.|  
 []

[46] [47] [48

] [49]
Underfull \hbox (badness 10000) in paragraph at lines 788--789
[]\OT1/ptm/m/n/12 The high out-come vari-abil-ity of al-tru-is-tic and ego-is-tic mod-els re-flects
 []


Underfull \hbox (badness 1024) in paragraph at lines 788--789
\OT1/ptm/m/n/12 well-documented be-hav-ioral in-sta-bil-i-ties at the agent level. The al-tru-is-tic model's
 []

[50] [51]
<../../figures/01_population_timeseries_d14.png, id=210, 427.5975pt x 281.6121pt>
File: ../../figures/01_population_timeseries_d14.png Graphic file (type png)
<use ../../figures/01_population_timeseries_d14.png>
Package pdftex.def Info: ../../figures/01_population_timeseries_d14.png  used on input line 801.
(pdftex.def)             Requested size: 346.89732pt x 228.46121pt.
<../../figures/01_population_timeseries_d7.png, id=212, 427.3566pt x 281.6121pt>
File: ../../figures/01_population_timeseries_d7.png Graphic file (type png)
<use ../../figures/01_population_timeseries_d7.png>
Package pdftex.def Info: ../../figures/01_population_timeseries_d7.png  used on input line 810.
(pdftex.def)             Requested size: 346.89732pt x 228.59871pt.
 [52 <../../figures/01_population_timeseries_d14.png>]
<../../figures/01_population_timeseries_d0.png, id=218, 427.5975pt x 281.6121pt>
File: ../../figures/01_population_timeseries_d0.png Graphic file (type png)
<use ../../figures/01_population_timeseries_d0.png>
Package pdftex.def Info: ../../figures/01_population_timeseries_d0.png  used on input line 819.
(pdftex.def)             Requested size: 346.89732pt x 228.46121pt.
 [53 <../../figures/01_population_timeseries_d7.png> <../../figures/01_population_timeseries_d0.png>] [54] [55]
<../../figures/06_boxplot_finalPopulation.png, id=230, 500.5902pt x 282.3348pt>
File: ../../figures/06_boxplot_finalPopulation.png Graphic file (type png)
<use ../../figures/06_boxplot_finalPopulation.png>
Package pdftex.def Info: ../../figures/06_boxplot_finalPopulation.png  used on input line 868.
(pdftex.def)             Requested size: 368.57965pt x 207.89052pt.
<../../figures/06_boxplot_finalSocietalWealth.png, id=231, 500.3493pt x 282.3348pt>
File: ../../figures/06_boxplot_finalSocietalWealth.png Graphic file (type png)
<use ../../figures/06_boxplot_finalSocietalWealth.png>
Package pdftex.def Info: ../../figures/06_boxplot_finalSocietalWealth.png  used on input line 877.
(pdftex.def)             Requested size: 368.57965pt x 207.98099pt.
 [56 <../../figures/06_boxplot_finalPopulation.png>]
<../../figures/06_boxplot_finalGini.png, id=236, 500.5902pt x 282.3348pt>
File: ../../figures/06_boxplot_finalGini.png Graphic file (type png)
<use ../../figures/06_boxplot_finalGini.png>
Package pdftex.def Info: ../../figures/06_boxplot_finalGini.png  used on input line 886.
(pdftex.def)             Requested size: 368.57965pt x 207.89052pt.
<../../figures/06_boxplot_finalMeanTimeToLive.png, id=237, 500.5902pt x 282.3348pt>
File: ../../figures/06_boxplot_finalMeanTimeToLive.png Graphic file (type png)
<use ../../figures/06_boxplot_finalMeanTimeToLive.png>
Package pdftex.def Info: ../../figures/06_boxplot_finalMeanTimeToLive.png  used on input line 895.
(pdftex.def)             Requested size: 368.57965pt x 207.89052pt.
 [57 <../../figures/06_boxplot_finalSocietalWealth.png> <../../figures/06_boxplot_finalGini.png>]
<../../figures/06_boxplot_finalMeanWealth.png, id=243, 500.5902pt x 282.3348pt>
File: ../../figures/06_boxplot_finalMeanWealth.png Graphic file (type png)
<use ../../figures/06_boxplot_finalMeanWealth.png>
Package pdftex.def Info: ../../figures/06_boxplot_finalMeanWealth.png  used on input line 904.
(pdftex.def)             Requested size: 368.57965pt x 207.89052pt.
 [58 <../../figures/06_boxplot_finalMeanTimeToLive.png> <../../figures/06_boxplot_finalMeanWealth.png>] [59] [60] [61]
<../../figures/08_effectSize_finalPopulation.png, id=259, 354.6048pt x 282.0939pt>
File: ../../figures/08_effectSize_finalPopulation.png Graphic file (type png)
<use ../../figures/08_effectSize_finalPopulation.png>
Package pdftex.def Info: ../../figures/08_effectSize_finalPopulation.png  used on input line 931.
(pdftex.def)             Requested size: 281.85036pt x 224.22052pt.
<../../figures/08_effectSize_finalSocietalWealth.png, id=260, 356.0502pt x 282.0939pt>
File: ../../figures/08_effectSize_finalSocietalWealth.png Graphic file (type png)
<use ../../figures/08_effectSize_finalSocietalWealth.png>
Package pdftex.def Info: ../../figures/08_effectSize_finalSocietalWealth.png  used on input line 940.
(pdftex.def)             Requested size: 281.85036pt x 223.3166pt.
 [62 <../../figures/08_effectSize_finalPopulation.png>]
<../../figures/08_effectSize_finalGini.png, id=265, 354.6048pt x 282.0939pt>
File: ../../figures/08_effectSize_finalGini.png Graphic file (type png)
<use ../../figures/08_effectSize_finalGini.png>
Package pdftex.def Info: ../../figures/08_effectSize_finalGini.png  used on input line 949.
(pdftex.def)             Requested size: 281.85036pt x 224.22052pt.
 [63 <../../figures/08_effectSize_finalSocietalWealth.png>]
<../../figures/08_effectSize_finalMeanTimeToLive.png, id=270, 360.6273pt x 282.0939pt>
File: ../../figures/08_effectSize_finalMeanTimeToLive.png Graphic file (type png)
<use ../../figures/08_effectSize_finalMeanTimeToLive.png>
Package pdftex.def Info: ../../figures/08_effectSize_finalMeanTimeToLive.png  used on input line 958.
(pdftex.def)             Requested size: 281.85036pt x 220.47139pt.
<../../figures/08_effectSize_finalMeanWealth.png, id=271, 366.168pt x 282.0939pt>
File: ../../figures/08_effectSize_finalMeanWealth.png Graphic file (type png)
<use ../../figures/08_effectSize_finalMeanWealth.png>
Package pdftex.def Info: ../../figures/08_effectSize_finalMeanWealth.png  used on input line 967.
(pdftex.def)             Requested size: 281.85036pt x 217.13979pt.
 [64 <../../figures/08_effectSize_finalGini.png> <../../figures/08_effectSize_finalMeanTimeToLive.png>] [65 <../../figures/08_effectSize_finalMeanWealth.png>]
Underfull \hbox (badness 1163) in paragraph at lines 999--1000
\OT1/ptm/m/n/12 con-fig-u-ra-tion ($\OML/ztmcm/m/it/12 d \OT1/ztmcm/m/n/12 = 7$\OT1/ptm/m/n/12 , $\OML/ztmcm/m/it/12 ^^Q[] \OT1/ztmcm/m/n/12 = 0\OML/ztmcm/m/it/12 :\OT1/ztmcm/m/n/12 016$\OT1/ptm/m/n/12 ) while re-main-ing neg-li-gi-ble at the con-cen-trated
 []


Underfull \hbox (badness 5105) in paragraph at lines 1001--1002
[]\OT1/ptm/m/n/12 The ef-fect size pat-tern for fi-nal pop-u-la-tion re-flects qual-i-ta-tively dif-fer-ent
 []

[66] [67]
Underfull \hbox (badness 2197) in paragraph at lines 1007--1008
\OT1/ptm/m/n/12 ef-fects are largest at the dis-tributed con-fig-u-ra-tion ($\OML/ztmcm/m/it/12 d \OT1/ztmcm/m/n/12 = 14$\OT1/ptm/m/n/12 ) but pri-mar-ily re-flect
 []

[68]
Underfull \hbox (badness 1215) in paragraph at lines 1011--1012
\OT1/ptm/m/n/12 con-fig-u-ra-tion ($\OML/ztmcm/m/it/12 d \OT1/ztmcm/m/n/12 = 7$\OT1/ptm/m/n/12 ) as the re-source lay-out that pro-duces the clear-est be-hav-ioral
 []

[69]
Underfull \hbox (badness 1527) in paragraph at lines 1019--1020
\OT1/ptm/m/n/12 re-source lay-out best suited to com-par-ing eth-i-cal de-ci-sion mod-els. It avoids the
 []

[70]
Underfull \hbox (badness 3769) in paragraph at lines 1056--1057
[]\OT1/ptm/m/n/12 The present study pro-vides wall-clock ex-e-cu-tion time bench-marks for the
 []

[71]
Underfull \hbox (badness 1033) in paragraph at lines 1058--1059
\OT1/ptm/m/n/12 should ac-count for configuration-driven pop-u-la-tion dif-fer-ences and extinction-driven
 []

[72] [73

] [74] [75]
Underfull \hbox (badness 1112) in paragraph at lines 1088--1089
\OT1/ptm/m/n/12 con-clu-sions about re-source de-sign and eth-i-cal model se-lec-tion can be drawn with
 []

[76] [77] [78]
Overfull \hbox (12.0pt too wide) in alignment at lines 1105--1111
 [] [] [] [] [] [] 
 []


Overfull \hbox (12.0pt too wide) in alignment at lines 1111--1116
 [] [] [] [] [] [] 
 []


Overfull \hbox (12.0pt too wide) in alignment at lines 1116--1119
 [] [] [] [] [] [] 
 []


Overfull \hbox (12.0pt too wide) in alignment at lines 1119--1121
 [] [] [] [] [] [] 
 []


Overfull \hbox (12.0pt too wide) in alignment at lines 1121--1176
 [] [] [] [] [] [] 
 []

/home/noromon/Documents/monreal-fork-sugarscape/icsthesislatextemplate-master/Texfiles/icsthesissample.tex:1176: ignored error: Infinite glue shrinkage found in box being split [79

]
/home/noromon/Documents/monreal-fork-sugarscape/icsthesislatextemplate-master/Texfiles/icsthesissample.tex:1176: ignored error: Infinite glue shrinkage found in box being split [80]
/home/noromon/Documents/monreal-fork-sugarscape/icsthesislatextemplate-master/Texfiles/icsthesissample.tex:1176: ignored error: Infinite glue shrinkage found in box being split [81] [82]
Overfull \vbox (82.0899pt too high) has occurred while \output is active []

 [83]
Underfull \hbox (badness 10000) in paragraph at lines 1234--1235
[]\OT1/ptm/m/n/12 Table 12[] re-ports pair-wise Dunn test re-sults (Bonferroni-corrected) for
 []


Underfull \hbox (badness 4096) in paragraph at lines 1234--1235
\OT1/ptm/m/n/12 all met-rics where the Kruskal-Wallis om-nibus test was sig-nif-i-cant ($\OML/ztmcm/m/it/12 p < \OT1/ztmcm/m/n/12 0\OML/ztmcm/m/it/12 :\OT1/ztmcm/m/n/12 05$\OT1/ptm/m/n/12 ).
 []


Underfull \hbox (badness 10000) in paragraph at lines 1234--1235
\OT1/ptm/m/n/12 Only metric--configuration com-bi-na-tions with a sig-nif-i-cant KW re-sult are
 []


Underfull \hbox (badness 2980) in paragraph at lines 1234--1235
\OT1/ptm/m/n/12 in-cluded; non-significant met-rics are omit-ted. Ex-act $\OML/ztmcm/m/it/12 p$\OT1/ptm/m/n/12 -values are avail-able in
 []

[84]
Overfull \vbox (330.46367pt too high) has occurred while \output is active []

 [85] (./icsthesissample.bbl [86


] [87]
Underfull \hbox (badness 2035) in paragraph at lines 893--910
[]\OT1/ptm/m/sc/12 Tolk, A., Clemen, T., Gilbert, N., & Macal, C. M.  \OT1/ptm/m/n/12 (2022).  How
 []


Underfull \hbox (badness 1629) in paragraph at lines 893--910
\OT1/ptm/m/n/12 can we pro-vide bet-ter simulation-based pol-icy sup-port?  In \OT1/ptm/m/it/12 2022 an-nual
 []


Underfull \hbox (badness 1394) in paragraph at lines 893--910
\OT1/ptm/m/it/12 mod-el-ing and sim-u-la-tion con-fer-ence (annsim) \OT1/ptm/m/n/12 (pp.[] 188--198).  IEEE.  doi:
 []

[88]
Underfull \hbox (badness 1400) in paragraph at lines 947--965
\OT1/ptm/m/sc/12 Cour-na-peau, D., ... SciPy 1.0 Con-trib-u-tors  \OT1/ptm/m/n/12 (2020).  SciPy 1.0:
 []

) [89] (./icsthesissample.aux)
 ***********
LaTeX2e <2025-11-01>
L3 programming layer <2026-01-19>
 ***********
 ) 
Here is how much of TeX's memory you used:
 9491 strings out of 467533
 154269 string characters out of 5422138
 917143 words of memory out of 5000000
 38216 multiletter control sequences out of 15000+600000
 673722 words of font info for 135 fonts, out of 8000000 for 9000
 1156 hyphenation exceptions out of 8191
 73i,14n,79p,2170b,1616s stack positions out of 10000i,1000n,20000p,200000b,200000s
</usr/share/texlive/texmf-dist/fonts/type1/public/amsfonts/cm/cmex10.pfb></usr/share/texlive/texmf-dist/fonts/type1/public/amsfonts/cm/cmmi10.pfb></usr/share/texlive/texmf-dist/fonts/type1/public/amsfonts/cm/cmr10.pfb></usr/share/texlive/texmf-dist/fonts/type1/public/amsfonts/cm/cmsy10.pfb></usr/share/texlive/texmf-dist/fonts/type1/urw/courier/ucrb8a.pfb></usr/share/texlive/texmf-dist/fonts/type1/urw/courier/ucrr8a.pfb></usr/share/texlive/texmf-dist/fonts/type1/urw/courier/ucrro8a.pfb></usr/share/texlive/texmf-dist/fonts/type1/urw/symbol/usyr.pfb></usr/share/texlive/texmf-dist/fonts/type1/urw/symbol/usyr.pfb></usr/share/texlive/texmf-dist/fonts/type1/urw/times/utmb8a.pfb></usr/share/texlive/texmf-dist/fonts/type1/urw/times/utmr8a.pfb></usr/share/texlive/texmf-dist/fonts/type1/urw/times/utmri8a.pfb>
Output written on icsthesissample.pdf (98 pages, 1738517 bytes).
PDF statistics:
 414 PDF objects out of 1000 (max. 8388607)
 256 compressed objects within 3 object streams
 0 named destinations out of 1000 (max. 500000)
 91 words of extra memory for PDF output out of 10000 (max. 10000000)

